// Jest Snapshot v1, https://goo.gl/fbAQLP

exports[`Card component renders without errors 1`] = `
<div>
  <div
    class="Card"
  >
    <h4
      class="Card-title"
    >
      Test Caption
    </h4>
    <img
      alt="Test Caption"
      class="Card-image"
      src="test-image.jpg"
    />
    <small
      class="Card-small"
    >
      Image 
      1
       of 
      3
      .
    </small>
  </div>
</div>
`;
